Transforming over 1000 elements to C_CONTIGUOUS.
{
 "cross_max": {
  "T_initial_low": 14.802269033440314,
  "T_initial_mean": 15.49368235847211,
  "T_initial_high": 16.185858114634037,
  "T_onset_low": 19.199317746717508,
  "T_onset_mean": 20.63771323575271,
  "T_onset_high": 22.32737536164982
 },
 "cross_mean": {
  "T_initial_low": null,
  "T_initial_mean": null,
  "T_initial_high": null,
  "T_onset_low": null,
  "T_onset_mean": null,
  "T_onset_high": null
 },
 "peak_Tmax_C": 349.70400485393566,
 "peak_Tmean_C": 167.57906361702692,
 "loc_peak": "terminal end",
 "runtime_s": 5011.95232629776
}
