Transforming over 1000 elements to C_CONTIGUOUS.
{
 "cross_max": {
  "T_initial_low": 5.434239857431385,
  "T_initial_mean": 5.696374094041474,
  "T_initial_high": 5.9626903949198775,
  "T_onset_low": 7.119744053175736,
  "T_onset_mean": 7.667810714901001,
  "T_onset_high": 8.310360034110635
 },
 "cross_mean": {
  "T_initial_low": null,
  "T_initial_mean": null,
  "T_initial_high": null,
  "T_onset_low": null,
  "T_onset_mean": null,
  "T_onset_high": null
 },
 "peak_Tmax_C": 357.4124045178122,
 "peak_Tmean_C": 166.81710325936172,
 "loc_peak": "terminal end",
 "runtime_s": 4936.313195705414
}
