Transforming over 1000 elements to C_CONTIGUOUS.
{
 "cross_max": {
  "T_initial_low": 14.819954987819447,
  "T_initial_mean": 15.513559143482286,
  "T_initial_high": 16.208955265616947,
  "T_onset_low": 19.244338650626784,
  "T_onset_mean": 20.697877200235066,
  "T_onset_high": 22.412171020273874
 },
 "cross_mean": {
  "T_initial_low": null,
  "T_initial_mean": null,
  "T_initial_high": null,
  "T_onset_low": null,
  "T_onset_mean": null,
  "T_onset_high": null
 },
 "peak_Tmax_C": 348.29312017229313,
 "peak_Tmean_C": 167.8869250925103,
 "loc_peak": "terminal end",
 "runtime_s": 245.5587158203125
}
