Transforming over 1000 elements to C_CONTIGUOUS.
{
 "cross_max": {
  "T_initial_low": 5.4334874707776475,
  "T_initial_mean": 5.696301320044371,
  "T_initial_high": 5.963495551099958,
  "T_onset_low": 7.1268062232425295,
  "T_onset_mean": 7.679501576654653,
  "T_onset_high": 8.330381706795297
 },
 "cross_mean": {
  "T_initial_low": null,
  "T_initial_mean": null,
  "T_initial_high": null,
  "T_onset_low": null,
  "T_onset_mean": null,
  "T_onset_high": null
 },
 "peak_Tmax_C": 355.92342668140725,
 "peak_Tmean_C": 167.12292512466513,
 "loc_peak": "terminal end",
 "runtime_s": 255.6259481906891
}
