Transforming over 1000 elements to C_CONTIGUOUS.
{
 "cross_max": {
  "T_initial_low": 14.823228646633742,
  "T_initial_mean": 15.516552992287776,
  "T_initial_high": 16.21154032531,
  "T_onset_low": 19.245320689785455,
  "T_onset_mean": 20.698260217438882,
  "T_onset_high": 22.41162527957505
 },
 "cross_mean": {
  "T_initial_low": null,
  "T_initial_mean": null,
  "T_initial_high": null,
  "T_onset_low": null,
  "T_onset_mean": null,
  "T_onset_high": null
 },
 "peak_Tmax_C": 348.332934709283,
 "peak_Tmean_C": 167.8924414116271,
 "loc_peak": "terminal end",
 "runtime_s": 544.3588855266571
}
