Transforming over 1000 elements to C_CONTIGUOUS.
{
 "cross_max": {
  "T_initial_low": 5.438525378643192,
  "T_initial_mean": 5.700933752374485,
  "T_initial_high": 5.967674478274507,
  "T_onset_low": 7.129164628833533,
  "T_onset_mean": 7.6809149909265475,
  "T_onset_high": 8.330305052350631
 },
 "cross_mean": {
  "T_initial_low": null,
  "T_initial_mean": null,
  "T_initial_high": null,
  "T_onset_low": null,
  "T_onset_mean": null,
  "T_onset_high": null
 },
 "peak_Tmax_C": 355.9860429477792,
 "peak_Tmean_C": 167.1284081159186,
 "loc_peak": "terminal end",
 "runtime_s": 488.93162965774536
}
